// Jest Snapshot v1, https://goo.gl/fbAQLP

exports[`App has a valid snapshot 1`] = `
<div
  className="page"
>
  <div
    className="interactions"
  >
    <form
      onSubmit={[Function]}
    >
      Search
      <input
        onChange={[Function]}
        placeholder="search title here"
        type="text"
        value="redux"
      />
      <button
        type="submit"
      >
        Search
      </button>
    </form>
    <div>
      Loading...
    </div>
  </div>
  <div
    className="table"
  />
</div>
`;

exports[`Button has a valid snapshot 1`] = `
<button
  type="button"
>
   
  Give Me More
    
</button>
`;

exports[`Search has a valid snapshot 1`] = `
<div
  className="page"
>
  <div
    className="interactions"
  >
    <form
      onSubmit={[Function]}
    >
      Search
      <input
        onChange={[Function]}
        placeholder="search title here"
        type="text"
        value="redux"
      />
      <button
        type="submit"
      >
        Search
      </button>
    </form>
    <div>
      Loading...
    </div>
  </div>
  <div
    className="table"
  />
</div>
`;

exports[`Table has a valid snapshot 1`] = `
<div
  className="table"
>
  <div
    className="table-row"
  >
    <span
      style={
        Object {
          "width": "40%",
        }
      }
    >
      <a>
        1
      </a>
    </span>
    <span
      style={
        Object {
          "width": "30%",
        }
      }
    >
      1
    </span>
    <span
      style={
        Object {
          "width": "10%",
        }
      }
    >
      1
    </span>
    <span
      style={
        Object {
          "width": "10%",
        }
      }
    >
      2
    </span>
    <span
      style={
        Object {
          "width": "10%",
        }
      }
    >
      <button
        type="button"
      >
         
        Dismiss
          
      </button>
    </span>
  </div>
  <div
    className="table-row"
  >
    <span
      style={
        Object {
          "width": "40%",
        }
      }
    >
      <a>
        2
      </a>
    </span>
    <span
      style={
        Object {
          "width": "30%",
        }
      }
    >
      2
    </span>
    <span
      style={
        Object {
          "width": "10%",
        }
      }
    >
      1
    </span>
    <span
      style={
        Object {
          "width": "10%",
        }
      }
    >
      2
    </span>
    <span
      style={
        Object {
          "width": "10%",
        }
      }
    >
      <button
        type="button"
      >
         
        Dismiss
          
      </button>
    </span>
  </div>
</div>
`;
